// Jest Snapshot v1, https://goo.gl/fbAQLP

exports[`a pagina de config deve ser renrizada corretamente 1`] = `
<div>
  <header
    class="Header"
  >
    <img
      alt="Logo"
      class="img1"
      src="logo.png"
    />
    <img
      alt="participantes"
      class="img2"
      src="participante.png"
    />
  </header>
  <div
    class="container"
  >
    <form>
      <div
        class="grupoInput"
      >
        <h1
          class="h1"
        >
          Vamos Começar!
        </h1>
        <input
          class="inputText"
          placeholder="Insira os nomes dos participantes"
          type="text"
          value=""
        />
        <button
          class="btnInput"
          disabled=""
        >
          Adicionar
        </button>
      </div>
      
    </form>
    <ul />
    <footer>
      <button
        class="test"
        disabled=""
      >
        Iniciar a brincadeira!
      </button>
    </footer>
  </div>
</div>
`;
